<html>
<body>
<pre>
<h1>µVision Build Log</h1>
<h2>Tool Versions:</h2>
IDE-Version: ¦ÌVision V5.34.0.0
Copyright (C) 2021 ARM Ltd and ARM Germany GmbH. All rights reserved.
License Information: 1 Harry, 1, LIC=TA39H-WKCN4-HR9XN-Y1EQ9-0MQ3P-3B9Z9
 
Tool Versions:
Toolchain:       MDK-ARM Professional  Version: 5.34.0.0
Toolchain Path:  D:\HardwareDevelop\keil_MDK_C51\keil_MDK\ARM\ARMCC\Bin
C Compiler:      Armcc.exe V5.06 update 7 (build 960)
Assembler:       Armasm.exe V5.06 update 7 (build 960)
Linker/Locator:  ArmLink.exe V5.06 update 7 (build 960)
Library Manager: ArmAr.exe V5.06 update 7 (build 960)
Hex Converter:   FromElf.exe V5.06 update 7 (build 960)
CPU DLL:         SARMCM3.DLL V5.34.0.0
Dialog DLL:      DCM.DLL V1.17.3.0
Target DLL:      STLink\ST-LINKIII-KEIL_SWO.dll V3.0.8.0
Dialog DLL:      TCM.DLL V1.48.0.0
 
<h2>Project:</h2>
D:\×ÀÃæ\Project\FFT_TEST_f103zet6\Project.uvprojx
Project File Date:  04/26/2025

<h2>Output:</h2>
*** Using Compiler 'V5.06 update 7 (build 960)', folder: 'D:\HardwareDevelop\keil_MDK_C51\keil_MDK\ARM\ARMCC\Bin'
Rebuild target 'Target 1'
assembling startup_stm32f10x_hd.s...
compiling stm32f10x_cec.c...
compiling stm32f10x_bkp.c...
compiling stm32f10x_can.c...
compiling stm32f10x_dac.c...
compiling core_cm3.c...
compiling stm32f10x_adc.c...
compiling system_stm32f10x.c...
compiling stm32f10x_dbgmcu.c...
compiling stm32f10x_crc.c...
compiling Delay.c...
compiling stm32f10x_dma.c...
compiling stm32f10x_exti.c...
compiling stm32f10x_iwdg.c...
compiling stm32f10x_flash.c...
compiling stm32f10x_fsmc.c...
compiling stm32f10x_gpio.c...
compiling stm32f10x_i2c.c...
compiling stm32f10x_rcc.c...
compiling stm32f10x_spi.c...
compiling stm32f10x_sdio.c...
compiling stm32f10x_rtc.c...
compiling stm32f10x_usart.c...
compiling general_usart.c...
compiling stm32f10x_wwdg.c...
compiling ADC.c...
compiling BlueTooth_Usart.c...
compiling USART.c...
compiling stm32f10x_it.c...
compiling main.c...
User\main.c(344): warning:  #177-D: variable "index"  was declared but never referenced
  						u32 index;
User\main.c: 1 warning, 0 errors
compiling FFT.c...
compiling get_rad.c...
compiling misc.c...
compiling stm32f10x_pwr.c...
compiling stm32f10x_tim.c...
linking...
Program Size: Code=21076 RO-data=7540 RW-data=904 ZI-data=6824  
FromELF: creating hex file...
".\Objects\Project.axf" - 0 Error(s), 1 Warning(s).

<h2>Software Packages used:</h2>

Package Vendor: ARM
                http://www.keil.com/pack/ARM.CMSIS.5.7.0.pack
                ARM.CMSIS.5.7.0
                CMSIS (Cortex Microcontroller Software Interface Standard)
   * Component: CORE Version: 5.4.0
   * Component: DSP Variant: Library Version: 1.8.0

Package Vendor: Keil
                https://www.keil.com/pack/Keil.STM32F1xx_DFP.2.4.1.pack
                Keil.STM32F1xx_DFP.2.4.1
                STMicroelectronics STM32F1 Series Device Support, Drivers and Examples

<h2>Collection of Component include folders:</h2>
  .\RTE\_Target_1
  D:\HardwareDevelop\keil_MDK_C51\MDK_Pack\ARM\CMSIS\5.7.0\CMSIS\Core\Include
  D:\HardwareDevelop\keil_MDK_C51\MDK_Pack\ARM\CMSIS\5.7.0\CMSIS\DSP\Include
  D:\HardwareDevelop\keil_MDK_C51\MDK_Pack\Keil\STM32F1xx_DFP\2.4.1\Device\Include

<h2>Collection of Component Files used:</h2>

   * Component: ARM::CMSIS:CORE:5.4.0

   * Component: ARM::CMSIS:DSP:Library:1.8.0
      Library file:  CMSIS\DSP\Lib\ARM\arm_cortexM3l_math.lib
      Include file:  CMSIS\DSP\Include\arm_math.h
Build Time Elapsed:  00:00:48
</pre>
</body>
</html>
